
> daikin-connect-clean@0.2.0 build
> prisma generate && next build

Environment variables loaded from .env
Prisma schema loaded from prisma\schema.prisma
node.exe : Error: 
At line:1 char:1
+ & "C:\Program Files\nodejs/node.exe" "C:\Program Files\nodejs/node_mo ...
+ ~~~~~~~~~~~~~~~~~~~~~~~~~~~~~~~~~~~~~~~~~~~~~~~~~~~~~~~~~~~~~~~~~~~~~
    + CategoryInfo          : NotSpecified: (Error: :String) [], RemoteExcepti 
   on
    + FullyQualifiedErrorId : NativeCommandError
 
EPERM: operation not permitted, rename 'C:\Users\D22AGRI-EPL\Desktop\daikin-con
nect-clean\node_modules\.prisma\client\query_engine-windows.dll.node.tmp19116' 
-> 'C:\Users\D22AGRI-EPL\Desktop\daikin-connect-clean\node_modules\.prisma\clie
nt\query_engine-windows.dll.node'


