.next/types/validator.ts(647,39): error TS2307: Cannot find module '../../src/app/api/v1/sync/photos/route.js' or its corresponding type declarations.
scratch/check_photos.ts(1,30): error TS2307: Cannot find module './src/generated/client_v3' or its corresponding type declarations.
src/app/actions/attendance.ts(348,46): error TS1501: This regular expression flag is only available when targeting 'es2018' or later.
src/app/actions/attendanceAdmin.ts(126,17): error TS2353: Object literal may only specify known properties, and 'status' does not exist in type 'vendor_attendanceSelect<DefaultArgs>'.
src/app/actions/bulk_sync.ts(35,28): error TS2345: Argument of type 'Buffer<ArrayBuffer>' is not assignable to parameter of type 'Buffer'.
  Type 'Buffer<ArrayBuffer>' is missing the following properties from type 'Buffer': maxByteLength, resizable, resize, detached, and 2 more.
src/app/actions/bulk_sync.ts(51,15): error TS2352: Conversion of type 'Buffer | undefined' to type 'Buffer<ArrayBufferLike>' may be a mistake because neither type sufficiently overlaps with the other. If this was intentional, convert the expression to 'unknown' first.
  Type 'Buffer' is missing the following properties from type 'Buffer<ArrayBufferLike>': subarray, write, toJSON, equals, and 99 more.
src/app/actions/bulk_sync.ts(243,15): error TS2322: Type '"Completed"' is not assignable to type 'service_activities_status | null | undefined'.
src/app/actions/corrective_maintenance.ts(20,33): error TS2339: Property 'user' does not exist on type '{ userId: string; email: string; name: string; roles: string[]; isInternal: boolean; attendance_enabled: boolean; }'.
src/app/actions/knowledge.ts(3,8): error TS2613: Module '"C:/Users/D22AGRI-EPL/Desktop/daikin-connect-clean/src/lib/prisma"' has no default export. Did you mean to use 'import { prisma } from "C:/Users/D22AGRI-EPL/Desktop/daikin-connect-clean/src/lib/prisma"' instead?
src/app/actions/knowledge.ts(21,26): error TS7006: Parameter 'r' implicitly has an 'any' type.
src/app/actions/knowledge.ts(46,30): error TS2339: Property 'isAdmin' does not exist on type '{ userId: string; email: string; name: string; roles: string[]; isInternal: boolean; attendance_enabled: boolean; }'.
src/app/actions/projects_config.ts(27,12): error TS2304: Cannot find name 'serializePrisma'.
src/app/actions/projects_config.ts(128,14): error TS2304: Cannot find name 'serializePrisma'.
src/app/actions/user_security.ts(60,38): error TS2551: Property 'role' does not exist on type '{ userId: string; email: string; name: string; roles: string[]; isInternal: boolean; attendance_enabled: boolean; }'. Did you mean 'roles'?
src/app/admin/attendance/page.tsx(35,13): error TS2339: Property 'success' does not exist on type '{ success: boolean; data: { id: bigint; name: string; }[]; } | { error: string; }'.
  Property 'success' does not exist on type '{ error: string; }'.
src/app/admin/attendance/page.tsx(35,38): error TS2339: Property 'data' does not exist on type '{ success: boolean; data: { id: bigint; name: string; }[]; } | { error: string; }'.
  Property 'data' does not exist on type '{ error: string; }'.
src/app/admin/attendance/page.tsx(307,64): error TS2769: No overload matches this call.
  The last overload gave the following error.
    Object literal may only specify known properties, and 'size' does not exist in type 'Partial<unknown> & Attributes'.
src/app/admin/database/DatabaseClient.tsx(152,17): error TS2339: Property 'success' does not exist on type '{ success: boolean; data: any[]; } | { error: string; }'.
  Property 'success' does not exist on type '{ error: string; }'.
src/app/admin/database/DatabaseClient.tsx(152,47): error TS2339: Property 'data' does not exist on type '{ success: boolean; data: any[]; } | { error: string; }'.
  Property 'data' does not exist on type '{ error: string; }'.
src/app/admin/database/DatabaseClient.tsx(154,18): error TS2339: Property 'success' does not exist on type '{ success: boolean; data: { id: bigint; name: string; }[]; } | { error: string; }'.
  Property 'success' does not exist on type '{ error: string; }'.
src/app/admin/database/DatabaseClient.tsx(154,48): error TS2339: Property 'data' does not exist on type '{ success: boolean; data: { id: bigint; name: string; }[]; } | { error: string; }'.
  Property 'data' does not exist on type '{ error: string; }'.
src/app/admin/database/DatabaseClient.tsx(155,20): error TS2339: Property 'success' does not exist on type '{ success: boolean; data: any[]; } | { error: any; }'.
  Property 'success' does not exist on type '{ error: any; }'.
src/app/admin/database/DatabaseClient.tsx(155,51): error TS2339: Property 'data' does not exist on type '{ success: boolean; data: any[]; } | { error: any; }'.
  Property 'data' does not exist on type '{ error: any; }'.
src/app/admin/database/DatabaseClient.tsx(752,36): error TS2304: Cannot find name 'Info'.
src/app/admin/schedule/ScheduleClient.tsx(412,20): error TS2339: Property 'success' does not exist on type '{ success: boolean; data: any[]; } | { error: any; }'.
  Property 'success' does not exist on type '{ error: any; }'.
src/app/admin/schedule/ScheduleClient.tsx(412,56): error TS2339: Property 'data' does not exist on type '{ success: boolean; data: any[]; } | { error: any; }'.
  Property 'data' does not exist on type '{ error: any; }'.
src/app/admin/schedule/ScheduleClient.tsx(1147,47): error TS2365: Operator '<' cannot be applied to types 'Date' and 'number'.
src/app/admin/sync/SyncCenterClient.tsx(46,15): error TS2339: Property 'success' does not exist on type '{ success: boolean; data: { id: bigint; name: string; }[]; } | { error: string; }'.
  Property 'success' does not exist on type '{ error: string; }'.
src/app/admin/sync/SyncCenterClient.tsx(46,40): error TS2339: Property 'data' does not exist on type '{ success: boolean; data: { id: bigint; name: string; }[]; } | { error: string; }'.
  Property 'data' does not exist on type '{ error: string; }'.
src/app/brain/a4452ed5-a78b-4ab9-89fd-be3cd2531405/scratch/list_roles.ts(2,24): error TS2307: Cannot find module '../../lib/prisma' or its corresponding type declarations.
src/app/brain/a4452ed5-a78b-4ab9-89fd-be3cd2531405/scratch/list_roles.ts(10,19): error TS7006: Parameter 'r' implicitly has an 'any' type.
src/app/home/knowledge/page.tsx(18,16): error TS2339: Property 'isAdmin' does not exist on type '{ userId: string; email: string; name: string; roles: string[]; isInternal: boolean; attendance_enabled: boolean; }'.
src/app/home/knowledge/page.tsx(27,24): error TS2339: Property 'isAdmin' does not exist on type '{ userId: string; email: string; name: string; roles: string[]; isInternal: boolean; attendance_enabled: boolean; }'.
src/app/home/page.tsx(19,40): error TS2322: Type '{ id: string; action: string; targetType: string | null; targetId: string | null; details: string | null; createdAt: Date | null; link: string | null; description: string; icon: string; }[]' is not assignable to type 'ActivityItem[]'.
  Type '{ id: string; action: string; targetType: string | null; targetId: string | null; details: string | null; createdAt: Date | null; link: string | null; description: string; icon: string; }' is not assignable to type 'ActivityItem'.
    Types of property 'createdAt' are incompatible.
      Type 'Date | null' is not assignable to type 'string'.
        Type 'null' is not assignable to type 'string'.
src/app/page.tsx(230,51): error TS2322: Type '{ children: string; href: string; size: string; className: string; }' is not assignable to type 'IntrinsicAttributes & Omit<AnchorHTMLAttributes<HTMLAnchorElement>, keyof LinkProps<any>> & LinkProps<...> & { ...; } & RefAttributes<...>'.
  Property 'size' does not exist on type 'IntrinsicAttributes & Omit<AnchorHTMLAttributes<HTMLAnchorElement>, keyof LinkProps<any>> & LinkProps<...> & { ...; } & RefAttributes<...>'.
src/app/passport/[token]/page.tsx(285,100): error TS7006: Parameter 'v' implicitly has an 'any' type.
src/app/passport/[token]/page.tsx(409,101): error TS7006: Parameter 'v' implicitly has an 'any' type.
src/app/passport/[token]/page.tsx(410,112): error TS7006: Parameter 'v' implicitly has an 'any' type.
src/app/passport/[token]/page.tsx(418,95): error TS7006: Parameter 'v' implicitly has an 'any' type.
src/app/passport/[token]/page.tsx(419,98): error TS7006: Parameter 'v' implicitly has an 'any' type.
src/app/passport/[token]/page.tsx(421,97): error TS7006: Parameter 'v' implicitly has an 'any' type.
src/app/passport/[token]/page.tsx(428,104): error TS7006: Parameter 'v' implicitly has an 'any' type.
src/app/passport/[token]/page.tsx(429,102): error TS7006: Parameter 'v' implicitly has an 'any' type.
src/app/passport/[token]/page.tsx(432,112): error TS7006: Parameter 'v' implicitly has an 'any' type.
src/app/passport/[token]/page.tsx(433,104): error TS7006: Parameter 'v' implicitly has an 'any' type.
src/app/passport/[token]/page.tsx(440,99): error TS7006: Parameter 'v' implicitly has an 'any' type.
src/app/passport/[token]/page.tsx(441,105): error TS7006: Parameter 'v' implicitly has an 'any' type.
src/app/passport/[token]/page.tsx(443,111): error TS7006: Parameter 'v' implicitly has an 'any' type.
src/app/passport/[token]/page.tsx(444,110): error TS7006: Parameter 'v' implicitly has an 'any' type.
src/app/passport/[token]/preventive/PreventiveFormClient.tsx(786,37): error TS2339: Property 'category' does not exist on type '{ key: string; label: string; type: string; }'.
src/app/passport/[token]/preventive/PreventiveFormClient.tsx(857,37): error TS2339: Property 'category' does not exist on type '{ key: string; label: string; type: string; }'.
src/app/service-presentation/page.tsx(9,30): error TS2724: '"lucide-react"' has no exported member named 'BellPulse'. Did you mean 'BellPlus'?
src/app/w/[projectId]/client/settings/page.tsx(92,13): error TS2304: Cannot find name 'AnimatePresence'.
src/app/w/[projectId]/client/settings/page.tsx(167,14): error TS2304: Cannot find name 'AnimatePresence'.
src/app/w/[projectId]/dashboard/attendance-records/page.tsx(17,46): error TS2345: Argument of type 'string' is not assignable to parameter of type '{ projectId?: string | undefined; search?: string | undefined; startDate?: string | undefined; endDate?: string | undefined; }'.
src/app/w/[projectId]/dashboard/corrective/page.tsx(188,22): error TS2339: Property 'success' does not exist on type '{ success: boolean; data: { id: number; unit_id: number | null; created_at: Date | null; inspector_name: string | null; technical_json: string | null; finding: string | null; ... 4 more ...; report_pdf: string | null; }; } | { ...; }'.
  Property 'success' does not exist on type '{ error: any; }'.
src/app/w/[projectId]/dashboard/corrective/page.tsx(191,19): error TS2339: Property 'error' does not exist on type '{ success: boolean; data: { id: number; unit_id: number | null; created_at: Date | null; inspector_name: string | null; technical_json: string | null; finding: string | null; ... 4 more ...; report_pdf: string | null; }; } | { ...; }'.
  Property 'error' does not exist on type '{ success: boolean; data: { id: number; unit_id: number | null; created_at: Date | null; inspector_name: string | null; technical_json: string | null; finding: string | null; tech_name: string | null; issue_description: string | null; repair_date: Date | null; advise: string | null; report_pdf: string | null; }; }'.
src/app/w/[projectId]/dashboard/customers/[id]/projects/page.tsx(59,17): error TS2339: Property 'error' does not exist on type '{ success: boolean; data: { id: number; name: string; created_at: Date | null; pic_name: string | null; bidang_usaha: string | null; pic_phone: string | null; customer_type: customers_customer_type | null; address: string | null; is_active: boolean; } | null; } | { ...; }'.
  Property 'error' does not exist on type '{ success: boolean; data: { id: number; name: string; created_at: Date | null; pic_name: string | null; bidang_usaha: string | null; pic_phone: string | null; customer_type: customers_customer_type | null; address: string | null; is_active: boolean; } | null; }'.
src/app/w/[projectId]/dashboard/customers/[id]/projects/page.tsx(60,24): error TS2339: Property 'error' does not exist on type '{ success: boolean; data: { id: number; name: string; created_at: Date | null; pic_name: string | null; bidang_usaha: string | null; pic_phone: string | null; customer_type: customers_customer_type | null; address: string | null; is_active: boolean; } | null; } | { ...; }'.
  Property 'error' does not exist on type '{ success: boolean; data: { id: number; name: string; created_at: Date | null; pic_name: string | null; bidang_usaha: string | null; pic_phone: string | null; customer_type: customers_customer_type | null; address: string | null; is_active: boolean; } | null; }'.
src/app/w/[projectId]/dashboard/customers/[id]/projects/page.tsx(62,27): error TS2339: Property 'data' does not exist on type '{ success: boolean; data: { id: number; name: string; created_at: Date | null; pic_name: string | null; bidang_usaha: string | null; pic_phone: string | null; customer_type: customers_customer_type | null; address: string | null; is_active: boolean; } | null; } | { ...; }'.
  Property 'data' does not exist on type '{ error: string; }'.
src/app/w/[projectId]/dashboard/customers/[id]/projects/page.tsx(67,17): error TS2339: Property 'error' does not exist on type '{ success: boolean; data: { id: any; name: any; customerName: any; code: any; status: any; enabled_forms: any; units_count: any; schedules_count: any; }[]; } | { error: string; }'.
  Property 'error' does not exist on type '{ success: boolean; data: { id: any; name: any; customerName: any; code: any; status: any; enabled_forms: any; units_count: any; schedules_count: any; }[]; }'.
src/app/w/[projectId]/dashboard/customers/[id]/projects/page.tsx(68,24): error TS2339: Property 'error' does not exist on type '{ success: boolean; data: { id: any; name: any; customerName: any; code: any; status: any; enabled_forms: any; units_count: any; schedules_count: any; }[]; } | { error: string; }'.
  Property 'error' does not exist on type '{ success: boolean; data: { id: any; name: any; customerName: any; code: any; status: any; enabled_forms: any; units_count: any; schedules_count: any; }[]; }'.
src/app/w/[projectId]/dashboard/customers/[id]/projects/page.tsx(70,29): error TS2339: Property 'data' does not exist on type '{ success: boolean; data: { id: any; name: any; customerName: any; code: any; status: any; enabled_forms: any; units_count: any; schedules_count: any; }[]; } | { error: string; }'.
  Property 'data' does not exist on type '{ error: string; }'.
src/app/w/[projectId]/dashboard/DashboardSidebarClient.tsx(125,26): error TS2339: Property 'disabled' does not exist on type '{ href: string; label: string; icon: ForwardRefExoticComponent<Omit<LucideProps, "ref"> & RefAttributes<SVGSVGElement>>; show: boolean; accent: string; } | { ...; }'.
  Property 'disabled' does not exist on type '{ href: string; label: string; icon: ForwardRefExoticComponent<Omit<LucideProps, "ref"> & RefAttributes<SVGSVGElement>>; show: boolean; accent: string; }'.
src/app/w/[projectId]/dashboard/DashboardSidebarClient.tsx(127,134): error TS2339: Property 'disabled' does not exist on type '{ href: string; label: string; icon: ForwardRefExoticComponent<Omit<LucideProps, "ref"> & RefAttributes<SVGSVGElement>>; show: boolean; accent: string; } | { ...; }'.
  Property 'disabled' does not exist on type '{ href: string; label: string; icon: ForwardRefExoticComponent<Omit<LucideProps, "ref"> & RefAttributes<SVGSVGElement>>; show: boolean; accent: string; }'.
src/app/w/[projectId]/dashboard/DashboardWrapper.tsx(132,19): error TS2339: Property 'projectName' does not exist on type '{ audit: { actual: { daily: number; monthly: number; total: number; }; target: { daily: number; monthly: number; total: number; }; }; preventive: { actual: { daily: number; monthly: number; total: number; }; target: { ...; }; }; ... 4 more ...; enabled_forms: string; } | { ...; }'.
  Property 'projectName' does not exist on type '{ audit: { actual: { daily: number; monthly: number; total: number; }; target: { daily: number; monthly: number; total: number; }; }; preventive: { actual: { daily: number; monthly: number; total: number; }; target: { ...; }; }; ... 4 more ...; enabled_forms: string; }'.
src/app/w/[projectId]/dashboard/DashboardWrapper.tsx(132,53): error TS2339: Property 'projectName' does not exist on type '{ audit: { actual: { daily: number; monthly: number; total: number; }; target: { daily: number; monthly: number; total: number; }; }; preventive: { actual: { daily: number; monthly: number; total: number; }; target: { ...; }; }; ... 4 more ...; enabled_forms: string; } | { ...; }'.
  Property 'projectName' does not exist on type '{ audit: { actual: { daily: number; monthly: number; total: number; }; target: { daily: number; monthly: number; total: number; }; }; preventive: { actual: { daily: number; monthly: number; total: number; }; target: { ...; }; }; ... 4 more ...; enabled_forms: string; }'.
src/app/w/[projectId]/dashboard/DashboardWrapper.tsx(173,55): error TS2339: Property 'data' does not exist on type '{ success: boolean; data: any; } | { success: boolean; error: string; }'.
  Property 'data' does not exist on type '{ success: boolean; error: string; }'.
src/app/w/[projectId]/dashboard/DashboardWrapper.tsx(174,63): error TS2339: Property 'data' does not exist on type '{ success: boolean; data: any; } | { success: boolean; error: string; }'.
  Property 'data' does not exist on type '{ success: boolean; error: string; }'.
src/app/w/[projectId]/dashboard/DashboardWrapper.tsx(358,73): error TS7006: Parameter 'e' implicitly has an 'any' type.
src/app/w/[projectId]/dashboard/DashboardWrapper.tsx(358,76): error TS7006: Parameter 'unitId' implicitly has an 'any' type.
src/app/w/[projectId]/dashboard/layout.tsx(36,27): error TS2304: Cannot find name 'prisma'.
src/app/w/[projectId]/dashboard/logsheets/page.tsx(15,63): error TS2339: Property 'data' does not exist on type '{ success: boolean; data: { id: number; name: string; type: LogsheetType; created_at: Date; project_id: bigint; is_active: boolean; system_name: string | null; room_name: string | null; parameters_json: string; design_json: string | null; time_slots: string | null; }[]; } | { ...; }'.
  Property 'data' does not exist on type '{ success: boolean; error: string; }'.
src/app/w/[projectId]/dashboard/unit-requests/page.tsx(20,13): error TS2339: Property 'success' does not exist on type '{ success: boolean; data: any; } | { error: string; }'.
  Property 'success' does not exist on type '{ error: string; }'.
src/app/w/[projectId]/dashboard/unit-requests/page.tsx(21,23): error TS2339: Property 'data' does not exist on type '{ success: boolean; data: any; } | { error: string; }'.
  Property 'data' does not exist on type '{ error: string; }'.
src/components/attendance/AttendanceClient.tsx(62,16): error TS2339: Property 'data' does not exist on type '{ success: boolean; data: any; hasFace: boolean; faceUrl: string | null | undefined; projectLocation: { name: any; lat: number; long: number; radius: any; } | null; } | { error: string; success?: undefined; } | { ...; }'.
  Property 'data' does not exist on type '{ error: string; success?: undefined; }'.
src/components/attendance/AttendanceClient.tsx(63,29): error TS2339: Property 'data' does not exist on type '{ success: boolean; data: any; hasFace: boolean; faceUrl: string | null | undefined; projectLocation: { name: any; lat: number; long: number; radius: any; } | null; } | { error: string; success?: undefined; } | { ...; }'.
  Property 'data' does not exist on type '{ error: string; success?: undefined; }'.
src/components/attendance/AttendanceClient.tsx(64,43): error TS2339: Property 'data' does not exist on type '{ success: boolean; data: any; hasFace: boolean; faceUrl: string | null | undefined; projectLocation: { name: any; lat: number; long: number; radius: any; } | null; } | { error: string; success?: undefined; } | { ...; }'.
  Property 'data' does not exist on type '{ error: string; success?: undefined; }'.
src/components/attendance/AttendanceClient.tsx(65,38): error TS2339: Property 'data' does not exist on type '{ success: boolean; data: any; hasFace: boolean; faceUrl: string | null | undefined; projectLocation: { name: any; lat: number; long: number; radius: any; } | null; } | { error: string; success?: undefined; } | { ...; }'.
  Property 'data' does not exist on type '{ error: string; success?: undefined; }'.
src/components/attendance/AttendanceClient.tsx(68,23): error TS2339: Property 'hasFace' does not exist on type '{ success: boolean; data: any; hasFace: boolean; faceUrl: string | null | undefined; projectLocation: { name: any; lat: number; long: number; radius: any; } | null; } | { error: string; success?: undefined; } | { ...; }'.
  Property 'hasFace' does not exist on type '{ error: string; success?: undefined; }'.
src/components/attendance/AttendanceClient.tsx(69,16): error TS2339: Property 'projectLocation' does not exist on type '{ success: boolean; data: any; hasFace: boolean; faceUrl: string | null | undefined; projectLocation: { name: any; lat: number; long: number; radius: any; } | null; } | { error: string; success?: undefined; } | { ...; }'.
  Property 'projectLocation' does not exist on type '{ error: string; success?: undefined; }'.
src/components/attendance/AttendanceClient.tsx(70,32): error TS2339: Property 'projectLocation' does not exist on type '{ success: boolean; data: any; hasFace: boolean; faceUrl: string | null | undefined; projectLocation: { name: any; lat: number; long: number; radius: any; } | null; } | { error: string; success?: undefined; } | { ...; }'.
  Property 'projectLocation' does not exist on type '{ error: string; success?: undefined; }'.
src/components/attendance/AttendanceClient.tsx(73,16): error TS2339: Property 'faceUrl' does not exist on type '{ success: boolean; data: any; hasFace: boolean; faceUrl: string | null | undefined; projectLocation: { name: any; lat: number; long: number; radius: any; } | null; } | { error: string; success?: undefined; } | { ...; }'.
  Property 'faceUrl' does not exist on type '{ error: string; success?: undefined; }'.
src/components/attendance/AttendanceClient.tsx(74,50): error TS2339: Property 'faceUrl' does not exist on type '{ success: boolean; data: any; hasFace: boolean; faceUrl: string | null | undefined; projectLocation: { name: any; lat: number; long: number; radius: any; } | null; } | { error: string; success?: undefined; } | { ...; }'.
  Property 'faceUrl' does not exist on type '{ error: string; success?: undefined; }'.
src/components/attendance/AttendanceClient.tsx(104,11): error TS2353: Object literal may only specify known properties, and 'resizeMode' does not exist in type 'MediaTrackConstraints'.
src/components/attendance/AttendanceClient.tsx(120,9): error TS2304: Cannot find name 'setErrorMsg'.
src/components/attendance/AttendanceClient.tsx(234,5): error TS2304: Cannot find name 'setErrorMsg'.
src/components/attendance/AttendanceClient.tsx(235,22): error TS2304: Cannot find name 'setErrorMsg'.
src/components/attendance/AttendanceClient.tsx(272,7): error TS2304: Cannot find name 'setErrorMsg'.
src/components/attendance/AttendanceClient.tsx(281,22): error TS2304: Cannot find name 'setErrorMsg'.
src/components/attendance/AttendanceClient.tsx(282,5): error TS2304: Cannot find name 'setErrorMsg'.
src/components/attendance/AttendanceClient.tsx(353,9): error TS2304: Cannot find name 'errorMsg'.
src/components/attendance/AttendanceClient.tsx(356,79): error TS2304: Cannot find name 'errorMsg'.
src/components/attendance/AttendanceClient.tsx(430,19): error TS2304: Cannot find name 'errorMsg'.
src/components/attendance/AttendanceClient.tsx(434,28): error TS2304: Cannot find name 'errorMsg'.
src/components/attendance/AttendanceDashboard.tsx(40,17): error TS2339: Property 'success' does not exist on type '{ success: boolean; data: any; } | { error: string; }'.
  Property 'success' does not exist on type '{ error: string; }'.
src/components/attendance/AttendanceDashboard.tsx(40,45): error TS2339: Property 'data' does not exist on type '{ success: boolean; data: any; } | { error: string; }'.
  Property 'data' does not exist on type '{ error: string; }'.
src/components/logsheet/LogsheetDashboard.tsx(43,25): error TS2339: Property 'data' does not exist on type '{ success: boolean; data: { id: number; created_at: Date; notes: string | null; template_id: number; log_date: Date; log_time: string; recorded_by: string; values_json: string; }[]; } | { ...; }'.
  Property 'data' does not exist on type '{ success: boolean; error: string; }'.
src/components/logsheet/LogsheetEntryModal.tsx(66,23): error TS2339: Property 'error' does not exist on type '{ success: boolean; data: { template: { id: number; name: string; type: LogsheetType; created_at: Date; project_id: bigint; is_active: boolean; system_name: string | null; room_name: string | null; parameters_json: string; design_json: string | null; time_slots: string | null; }; } & { ...; }; } | { ...; }'.
  Property 'error' does not exist on type '{ success: boolean; data: { template: { id: number; name: string; type: LogsheetType; created_at: Date; project_id: bigint; is_active: boolean; system_name: string | null; room_name: string | null; parameters_json: string; design_json: string | null; time_slots: string | null; }; } & { ...; }; }'.
src/components/logsheet/LogsheetGrid.tsx(188,8): error TS2304: Cannot find name 'AnimatePresence'.
src/components/logsheet/LogsheetGrid.tsx(207,9): error TS2304: Cannot find name 'AnimatePresence'.
src/components/logsheet/LogsheetPDFTemplate.tsx(69,30): error TS7006: Parameter 'time' implicitly has an 'any' type.
src/components/logsheet/LogsheetPDFTemplate.tsx(91,36): error TS7006: Parameter 'time' implicitly has an 'any' type.
src/components/logsheet/LogsheetTemplateSetup.tsx(54,24): error TS2339: Property 'data' does not exist on type '{ success: boolean; data: { id: number; name: string; type: LogsheetType; created_at: Date; project_id: bigint; is_active: boolean; system_name: string | null; room_name: string | null; parameters_json: string; design_json: string | null; time_slots: string | null; }; } | { ...; }'.
  Property 'data' does not exist on type '{ success: boolean; error: string; }'.
src/components/RoomDetailModal.tsx(46,19): error TS2339: Property 'data' does not exist on type '{ success: boolean; data: { room: any; supplyingUnits: any; conditions: { temp: null; humidity: null; pressure: null; updatedAt: null; }; }; } | { success: boolean; error: string; }'.
  Property 'data' does not exist on type '{ success: boolean; error: string; }'.
